// Jest Snapshot v1, https://goo.gl/fbAQLP

exports[`matches snapshot 1`] = `
<div
  data-testid="card"
>
  <div
    className="col s12 m6 l3"
  >
    <div
      className="card blue-grey darken-1"
    >
      <div
        className="card-content white-text"
      >
        <div
          className="card-action"
        >
          <span
            className="card-title"
          >
            Test Task
          </span>
          <a
            href="/edit/undefined"
            onClick={[Function]}
          >
            Edit
          </a>
          <a
            className="grey-text"
            status="completed"
          >
            Complete
          </a>
        </div>
        <p>
          this is a test task
        </p>
        <p
          className="status"
        >
          Status: 
          completed
        </p>
      </div>
    </div>
  </div>
</div>
`;
